SDS_h1025aorg_5056A2025A10_0300_11A0FC02                                          
SDS_h3025aorg_5056A2025A31_0300_11A0FC02                                          
SDS_h4025aorg_5056A2025A41_0300_11A0FC02                                          
SDS_h2025aorg_5056A2025A21_0300_11A0FC02                                          
