SDS_h4025aorg_5056A2025A43_0301_21B0FC01                                          
SDS_h2025aorg_5056A2025A22_0301_21B0FC01                                          
SDS_h1025aorg_5056A2025A12_0301_21B0FC01                                          
SDS_h3025aorg_5056A2025A32_0301_21B0FC01                                          
