EG:  eg6  EM:  V2_
Hostname ... Initiator WWN ... Port Name ... Zone Name ... Count
eg eg6 em V2_bclus025A_j2025aorg_301 ssys urn:storageos:StorageSystem:e5886e0e-8cb8-4ee3-befd-64f5944663ad:vdc1
j2025a.org 10:00:50:56:A2:02:5A:66 bcd4-449d  704e-49ca A0-FC00 SDS_j2025aorg_5056A2025A66_0301_21A0FC00 1
j2025a.org 10:00:50:56:A2:02:5A:66 bcd4-449d  6953-4ad2 B0-FC00 SDS_j2025aorg_5056A2025A66_0301_21B0FC00 1
j2025a.org 10:00:50:56:A2:02:5A:65 7899-418d  8879-4ade B0-FC02 SDS_j2025aorg_5056A2025A65_0301_21B0FC02 1
j2025a.org 10:00:50:56:A2:02:5A:65 7899-418d  63bc-40d9 A0-FC02 SDS_j2025aorg_5056A2025A65_0301_21A0FC02 1
j2025a.org 10:00:50:56:A2:02:5A:64 dc51-413d  11df-4118 B0-FC03 SDS_j2025aorg_5056A2025A64_0301_21B0FC03 1
j2025a.org 10:00:50:56:A2:02:5A:64 dc51-413d  c6c9-41c6 A0-FC03 SDS_j2025aorg_5056A2025A64_0301_21A0FC03 1
j2025a.org 10:00:50:56:A2:02:5A:67 897a-4264  ca56-48d0 A0-FC01 SDS_j2025aorg_5056A2025A67_0301_21A0FC01 1
j2025a.org 10:00:50:56:A2:02:5A:67 897a-4264  bc4e-4f3e B0-FC01 SDS_j2025aorg_5056A2025A67_0301_21B0FC01 1
eg eg6 em V2_bclus025A_j4025aorg_301 ssys urn:storageos:StorageSystem:e5886e0e-8cb8-4ee3-befd-64f5944663ad:vdc1
j4025a.org 10:00:50:56:A2:02:5A:87 4303-41e6  8879-4ade B0-FC02 SDS_j4025aorg_5056A2025A87_0301_21B0FC02 1
j4025a.org 10:00:50:56:A2:02:5A:87 4303-41e6  63bc-40d9 A0-FC02 SDS_j4025aorg_5056A2025A87_0301_21A0FC02 1
j4025a.org 10:00:50:56:A2:02:5A:85 4a05-4e55  704e-49ca A0-FC00 SDS_j4025aorg_5056A2025A85_0301_21A0FC00 1
j4025a.org 10:00:50:56:A2:02:5A:85 4a05-4e55  6953-4ad2 B0-FC00 SDS_j4025aorg_5056A2025A85_0301_21B0FC00 1
j4025a.org 10:00:50:56:A2:02:5A:84 91bb-4c9b  11df-4118 B0-FC03 SDS_j4025aorg_5056A2025A84_0301_21B0FC03 1
j4025a.org 10:00:50:56:A2:02:5A:84 91bb-4c9b  c6c9-41c6 A0-FC03 SDS_j4025aorg_5056A2025A84_0301_21A0FC03 1
j4025a.org 10:00:50:56:A2:02:5A:86 728a-4136  ca56-48d0 A0-FC01 SDS_j4025aorg_5056A2025A86_0301_21A0FC01 1
j4025a.org 10:00:50:56:A2:02:5A:86 728a-4136  bc4e-4f3e B0-FC01 SDS_j4025aorg_5056A2025A86_0301_21B0FC01 1
eg eg6 em V2_bclus025A_j1025aorg_301 ssys urn:storageos:StorageSystem:e5886e0e-8cb8-4ee3-befd-64f5944663ad:vdc1
j1025a.org 10:00:50:56:A2:02:5A:56 a52f-48ca  8879-4ade B0-FC02 SDS_j1025aorg_5056A2025A56_0301_21B0FC02 1
j1025a.org 10:00:50:56:A2:02:5A:56 a52f-48ca  63bc-40d9 A0-FC02 SDS_j1025aorg_5056A2025A56_0301_21A0FC02 1
j1025a.org 10:00:50:56:A2:02:5A:54 b5fe-4718  704e-49ca A0-FC00 SDS_j1025aorg_5056A2025A54_0301_21A0FC00 1
j1025a.org 10:00:50:56:A2:02:5A:54 b5fe-4718  6953-4ad2 B0-FC00 SDS_j1025aorg_5056A2025A54_0301_21B0FC00 1
j1025a.org 10:00:50:56:A2:02:5A:57 a57d-4072  ca56-48d0 A0-FC01 SDS_j1025aorg_5056A2025A57_0301_21A0FC01 1
j1025a.org 10:00:50:56:A2:02:5A:57 a57d-4072  bc4e-4f3e B0-FC01 SDS_j1025aorg_5056A2025A57_0301_21B0FC01 1
j1025a.org 10:00:50:56:A2:02:5A:55 503d-4deb  11df-4118 B0-FC03 SDS_j1025aorg_5056A2025A55_0301_21B0FC03 1
j1025a.org 10:00:50:56:A2:02:5A:55 503d-4deb  c6c9-41c6 A0-FC03 SDS_j1025aorg_5056A2025A55_0301_21A0FC03 1
eg eg6 em V2_bclus025A_j3025aorg_301 ssys urn:storageos:StorageSystem:e5886e0e-8cb8-4ee3-befd-64f5944663ad:vdc1
j3025a.org 10:00:50:56:A2:02:5A:74 0064-4b0f  11df-4118 B0-FC03 SDS_j3025aorg_5056A2025A74_0301_21B0FC03 1
j3025a.org 10:00:50:56:A2:02:5A:74 0064-4b0f  c6c9-41c6 A0-FC03 SDS_j3025aorg_5056A2025A74_0301_21A0FC03 1
j3025a.org 10:00:50:56:A2:02:5A:76 f896-44e7  ca56-48d0 A0-FC01 SDS_j3025aorg_5056A2025A76_0301_21A0FC01 1
j3025a.org 10:00:50:56:A2:02:5A:76 f896-44e7  bc4e-4f3e B0-FC01 SDS_j3025aorg_5056A2025A76_0301_21B0FC01 1
j3025a.org 10:00:50:56:A2:02:5A:77 68be-4c10  704e-49ca A0-FC00 SDS_j3025aorg_5056A2025A77_0301_21A0FC00 1
j3025a.org 10:00:50:56:A2:02:5A:77 68be-4c10  6953-4ad2 B0-FC00 SDS_j3025aorg_5056A2025A77_0301_21B0FC00 1
j3025a.org 10:00:50:56:A2:02:5A:75 5d6e-41a3  8879-4ade B0-FC02 SDS_j3025aorg_5056A2025A75_0301_21B0FC02 1
j3025a.org 10:00:50:56:A2:02:5A:75 5d6e-41a3  63bc-40d9 A0-FC02 SDS_j3025aorg_5056A2025A75_0301_21A0FC02 1
