Zone Name                                Member Address (WWN)                     Alias
---------                                -------------------                      -------------------
zone3                                                                             
                                         10:00:00:00:C9:65:59:EE                  ---
                                         50:00:09:73:10:06:A1:45                  ---
SDS_winhost8_000000000081_0003_FA4D0                                              
                                         00:00:00:00:00:00:00:81                  ---
                                         50:00:09:80:00:00:34:D0                  ---
SDS_winhost8_000000000081_0003_FA1D0                                              
                                         00:00:00:00:00:00:00:81                  ---
                                         50:00:09:80:00:00:31:D0                  ---
SDS_winhost7_000000000071_0003_FA2D0                                              
                                         00:00:00:00:00:00:00:71                  ---
                                         50:00:09:80:00:00:32:D0                  ---
SDS_winhost7_000000000071_0003_FA3D0                                              
                                         00:00:00:00:00:00:00:71                  ---
                                         50:00:09:80:00:00:33:D0                  ---
SDS_winhost6_000000000061_0003_FA3D0                                              
                                         00:00:00:00:00:00:00:61                  ---
                                         50:00:09:80:00:00:33:D0                  ---
SDS_winhost6_000000000061_0003_FA2D0                                              
                                         00:00:00:00:00:00:00:61                  ---
                                         50:00:09:80:00:00:32:D0                  ---
SDS_vplex_0300_0301_cl1_ig1_0000011BB110_7618_FA0B1                                          
                                         60:00:00:00:01:1B:B1:10                  ---
                                         50:00:09:82:D2:64:F5:69                  ---
SDS_vplex_0300_0301_cl1_ig1_0000011AA113_7618_FA0A0                                          
                                         60:00:00:00:01:1A:A1:13                  ---
                                         50:00:09:82:44:95:B3:7F                  ---
SDS_vplex_0300_0301_cl1_ig1_0000011BB111_7618_FA0A0                                          
                                         60:00:00:00:01:1B:B1:11                  ---
                                         50:00:09:82:44:95:B3:7F                  ---
SDS_vplex_0300_0301_cl1_ig1_0000011AA112_7618_FA0B1                                          
                                         60:00:00:00:01:1A:A1:12                  ---
                                         50:00:09:82:D2:64:F5:69                  ---
SDS_vplex_0300_0301_cl1_ig1_0000011BB113_7618_FA0A0                                          
                                         60:00:00:00:01:1B:B1:13                  ---
                                         50:00:09:82:44:95:B3:7F                  ---
SDS_vplex_0300_0301_cl1_ig1_0000011AA110_7618_FA0B1                                          
                                         60:00:00:00:01:1A:A1:10                  ---
                                         50:00:09:82:D2:64:F5:69                  ---
SDS_vplex_0300_0301_cl1_ig1_0000011AA111_7618_FA0A0                                          
                                         60:00:00:00:01:1A:A1:11                  ---
                                         50:00:09:82:44:95:B3:7F                  ---
SDS_vplex_0300_0301_cl1_ig1_0000011BB112_7618_FA0B1                                          
                                         60:00:00:00:01:1B:B1:12                  ---
                                         50:00:09:82:D2:64:F5:69                  ---
Zone Name                                Member Address (WWN)                     Alias
---------                                -------------------                      -------------------
SDS_10_247_98_183_00E08B3F3CE9_1302_FA1A0                                          
                                         21:01:00:E0:8B:3F:3C:E9                  ---
                                         21:01:00:E0:8B:3F:3C:E9                  ---
                                         50:00:09:82:8D:28:C6:4F                  ---
SDS_lglw_vlinux1_7156FA140001_4197_FA1A0                                          
                                         10:00:71:56:FA:14:00:01                  ---
                                         50:00:09:82:15:B8:01:6C                  ---
SDS_foo_van12_7156FA140001_8923_FA1A0                                             
                                         10:00:71:56:FA:14:00:01                  ---
                                         50:00:09:82:34:6F:12:50                  ---
SDS_foo_van12_7156FA140001_1302_FA0B1                                             
                                         10:00:71:56:FA:14:00:01                  ---
                                         50:00:09:82:C0:3F:DD:D7                  ---
SDS_host013b1011_lss_emc_com_50569F013BA1_7618_FA1A1                                          
                                         50:00:50:56:9F:01:3B:A1                  ---
                                         50:00:09:82:30:0F:8E:56                  ---
SDS_winhost8_000000000082_0003_FA2D1                                              
                                         00:00:00:00:00:00:00:82                  ---
                                         50:00:09:80:00:00:32:D1                  ---
SDS_winhost8_000000000082_0003_FA1D1                                              
                                         00:00:00:00:00:00:00:82                  ---
                                         50:00:09:80:00:00:31:D1                  ---
SDS_winhost7_000000000072_0003_FA3D1                                              
                                         00:00:00:00:00:00:00:72                  ---
                                         50:00:09:80:00:00:33:D1                  ---
SDS_winhost7_000000000072_0003_FA4D1                                              
                                         00:00:00:00:00:00:00:72                  ---
                                         50:00:09:80:00:00:34:D1                  ---
SDS_winhost6_000000000064_0003_FA4D1                                              
                                         00:00:00:00:00:00:00:64                  ---
                                         50:00:09:80:00:00:34:D1                  ---
SDS_winhost6_000000000064_0003_FA1D1                                              
                                         00:00:00:00:00:00:00:64                  ---
                                         50:00:09:80:00:00:31:D1                  ---
SDS_vplex_0300_0301_cl2_ig1_0000021BB110_8923_FA1A0                                          
                                         70:00:00:00:02:1B:B1:10                  ---
                                         50:00:09:82:34:6F:12:50                  ---
SDS_vplex_0300_0301_cl2_ig1_0000021BB111_8923_FA1A0                                          
                                         70:00:00:00:02:1B:B1:11                  ---
                                         50:00:09:82:34:6F:12:50                  ---
SDS_vplex_0300_0301_cl2_ig1_0000021BB113_8923_FA1B0                                          
                                         70:00:00:00:02:1B:B1:13                  ---
                                         50:00:09:82:15:F8:C7:B4                  ---
SDS_vplex_0300_0301_cl2_ig1_0000021BB112_8923_FA1B0                                          
                                         70:00:00:00:02:1B:B1:12                  ---
                                         50:00:09:82:15:F8:C7:B4                  ---
SDS_vplex_0300_0301_cl2_ig1_0000021AA110_8923_FA1B0                                          
                                         70:00:00:00:02:1A:A1:10                  ---
                                         50:00:09:82:15:F8:C7:B4                  ---
SDS_vplex_0300_0301_cl2_ig1_0000021AA113_8923_FA1A0                                          
                                         70:00:00:00:02:1A:A1:13                  ---
                                         50:00:09:82:34:6F:12:50                  ---
SDS_vplex_0300_0301_cl2_ig1_0000021AA111_8923_FA1A0                                          
                                         70:00:00:00:02:1A:A1:11                  ---
                                         50:00:09:82:34:6F:12:50                  ---
SDS_vplex_0300_0301_cl2_ig1_0000021AA112_8923_FA1B0                                          
                                         70:00:00:00:02:1A:A1:12                  ---
                                         50:00:09:82:15:F8:C7:B4                  ---
