name                                               rqsize alsize act  vpool                      varray           id                                                             wwn                              personality access_state link_statux native_id
----                                               ------ ------ ---  -----                      ------           --                                                             ---                              ----------- ------------ ----------- ---------
TomDistributed-0                                   0.00   0.00   YES  VPLEX+FNM00130900300_FNM00130900301_cluster1_distributed VPLEX+FNM00130900300_FNM00130900301_cluster1 urn:storageos:Volume:fb99b8f7-24c9-40e1-bc0a-6ee732007948:vdc1 60000000000000000000000000000003 N/A         READWRITE    N/A        00003    
TomDistributed-1                                   0.00   0.00   YES  VPLEX+FNM00130900300_FNM00130900301_cluster1_distributed VPLEX+FNM00130900300_FNM00130900301_cluster2 urn:storageos:Volume:b7c0dc76-1e26-452a-9628-12b96388d507:vdc1 60000000000000000000000000000002 N/A         READWRITE    N/A        00002    
TomLocal-0                                         0.00   0.00   YES  VPLEX+FNM00130900300_FNM00130900301_cluster1_Local VPLEX+FNM00130900300_FNM00130900301_cluster1 urn:storageos:Volume:1aa7679b-b4ed-4e0e-a7c5-626ffd48175b:vdc1 60000000000000000000000000000001 N/A         READWRITE    N/A        00001    
